I'm sorry, but errors were detected in your script. Please correct the
errors listed below, and try again.


File "game/script.rpy", line 11: expected '=' not found.
    image any normal "Character/any.jpg" 
                     ^

Ren'Py Version: Ren'Py 8.0.3.22090809
Sat Apr  8 16:32:15 2023
